
> oddsedge@0.1.0 build
> next build

Γû▓ Next.js 16.2.6 (Turbopack)

  Creating an optimized production build ...
Γ£ô Compiled successfully in 1296ms
  Running TypeScript ...
  Finished TypeScript in 2.2s ...
  Collecting page data using 14 workers ...
  Generating static pages using 14 workers (0/13) ...
  Generating static pages using 14 workers (3/13) 
  Generating static pages using 14 workers (6/13) 
  Generating static pages using 14 workers (9/13) 
Γ£ô Generating static pages using 14 workers (13/13) in 859ms
  Finalizing page optimization ...

Route (app)              Revalidate  Expire
Γöî Γùï /
Γö£ Γùï /_not-found
Γö£ ╞Æ /api/arbitrage
Γö£ ╞Æ /api/dropping-odds
Γö£ ╞Æ /api/events
Γö£ ╞Æ /api/news
Γö£ Γùï /api/scraper-status          1m      1y
Γö£ Γùï /dropping-odds               2m      1y
Γö£ Γùï /news                       10m      1y
Γö£ ╞Æ /odds
Γöö Γùï /sure-bets                   5m      1y


Γùï  (Static)   prerendered as static content
╞Æ  (Dynamic)  server-rendered on demand

